// Jest Snapshot v1, https://goo.gl/fbAQLP

exports[`Should render correctly 1`] = `
ShallowWrapper {
  Symbol(enzyme.__root__): [Circular],
  Symbol(enzyme.__unrendered__): <Pagination
    currentPage={0}
    onChangePage={[Function]}
    rowsPerPage={15}
    totalRows={200}
  />,
  Symbol(enzyme.__renderer__): Object {
    "batchedUpdates": [Function],
    "getNode": [Function],
    "render": [Function],
    "simulateError": [Function],
    "simulateEvent": [Function],
    "unmount": [Function],
  },
  Symbol(enzyme.__node__): Object {
    "instance": null,
    "key": undefined,
    "nodeType": "host",
    "props": Object {
      "children": Array [
        false,
        <li
          className="page-item navbar-brand pagination-text"
        >
           Records 1 - 15 of 200 
        </li>,
        <li
          className="page-item page-link"
          onClick={[Function]}
        >
          Next
        </li>,
      ],
      "className": "pagination",
    },
    "ref": null,
    "rendered": Array [
      false,
      Object {
        "instance": null,
        "key": undefined,
        "nodeType": "host",
        "props": Object {
          "children": " Records 1 - 15 of 200 ",
          "className": "page-item navbar-brand pagination-text",
        },
        "ref": null,
        "rendered": " Records 1 - 15 of 200 ",
        "type": "li",
      },
      Object {
        "instance": null,
        "key": undefined,
        "nodeType": "host",
        "props": Object {
          "children": "Next",
          "className": "page-item page-link",
          "onClick": [Function],
        },
        "ref": null,
        "rendered": "Next",
        "type": "li",
      },
    ],
    "type": "ul",
  },
  Symbol(enzyme.__nodes__): Array [
    Object {
      "instance": null,
      "key": undefined,
      "nodeType": "host",
      "props": Object {
        "children": Array [
          false,
          <li
            className="page-item navbar-brand pagination-text"
          >
             Records 1 - 15 of 200 
          </li>,
          <li
            className="page-item page-link"
            onClick={[Function]}
          >
            Next
          </li>,
        ],
        "className": "pagination",
      },
      "ref": null,
      "rendered": Array [
        false,
        Object {
          "instance": null,
          "key": undefined,
          "nodeType": "host",
          "props": Object {
            "children": " Records 1 - 15 of 200 ",
            "className": "page-item navbar-brand pagination-text",
          },
          "ref": null,
          "rendered": " Records 1 - 15 of 200 ",
          "type": "li",
        },
        Object {
          "instance": null,
          "key": undefined,
          "nodeType": "host",
          "props": Object {
            "children": "Next",
            "className": "page-item page-link",
            "onClick": [Function],
          },
          "ref": null,
          "rendered": "Next",
          "type": "li",
        },
      ],
      "type": "ul",
    },
  ],
  Symbol(enzyme.__options__): Object {
    "adapter": ReactSixteenAdapter {
      "options": Object {
        "enableComponentDidUpdateOnSetState": true,
        "lifecycles": Object {
          "componentDidUpdate": Object {
            "onSetState": true,
          },
          "getDerivedStateFromProps": true,
          "getSnapshotBeforeUpdate": true,
          "setState": Object {
            "skipsComponentDidUpdateOnNullish": true,
          },
        },
      },
    },
  },
}
`;
